Microchip MPLAB XC8 Compiler V2.41

Linker command line:

-W-3 \
  --edf=C:/Program Files/Microchip/MPLABX/v6.15/packs/Microchip/PIC18Fxxxx_DFP/1.4.151/xc8\pic\dat\20230323171731_en.msgs \
  -cn -h+dist/default/production\CourseTraining.production.sym \
  --cmf=dist/default/production\CourseTraining.production.cmf -z -Q18F4620 \
  -oC:\Users\Hobvv\AppData\Local\Temp\xcAsivg.\driver_tmp_3.o \
  --defsym=__MPLAB_BUILD=1 --fixupoverflow=error \
  -Mdist/default/production/CourseTraining.production.map \
  --md=C:\Users\Hobvv\AppData\Local\Temp\xcAsivg.\driver_tmp_0.dat -E1 \
  -ver=XC8 Compiler --acfsm=1493 -ACODE=00h-0FFFFh -ACONST=00h-0FFFFh \
  -ASMALLCONST=01000h-010FFhx240 -AMEDIUMCONST=01000h-0FFFFh \
  -ACOMRAM=01h-07Fh -AABS1=00h-0F7Fh -ABIGRAM=01h-0F7Fh \
  -ARAM=080h-0FFh,0100h-01FFhx14,0F00h-0F7Fh -ABANK0=080h-0FFh \
  -ABANK1=0100h-01FFh -ABANK2=0200h-02FFh -ABANK3=0300h-03FFh \
  -ABANK4=0400h-04FFh -ABANK5=0500h-05FFh -ABANK6=0600h-06FFh \
  -ABANK7=0700h-07FFh -ABANK8=0800h-08FFh -ABANK9=0900h-09FFh \
  -ABANK10=0A00h-0AFFh -ABANK11=0B00h-0BFFh -ABANK12=0C00h-0CFFh \
  -ABANK13=0D00h-0DFFh -ABANK14=0E00h-0EFFh -ABANK15=0F00h-0F7Fh \
  -ASFR=0F80h-0FFFh -ABIGSFR=0F80h-0FFFh -ACONFIG=0300000h-030000Dh \
  -AIDLOC=0200000h-0200007h -AEEDATA=0F00000h-0F003FFh -peeprom_data=EEDATA \
  -preset_vec=00h,intcode,intcodelo,powerup,init -pramtop=01000h \
  -psmallconst=SMALLCONST -pmediumconst=MEDIUMCONST -pconst=CONST \
  -AFARRAM=00h-00h \
  -prdata=COMRAM,nvrram=COMRAM,nvbit=COMRAM,rbss=COMRAM,rbit=COMRAM \
  -pfarbss=FARRAM,fardata=FARRAM,nvFARRAM=FARRAM \
  -pintsave_regs=BIGRAM,bigbss=BIGRAM,bigdata=BIGRAM -pbss=RAM \
  -pidata=CODE,irdata=CODE,ibigdata=CODE,ifardata=CODE -prparam=COMRAM \
  C:\Users\Hobvv\AppData\Local\Temp\xcAsivg.\driver_tmp_9.o \
  dist/default/production\CourseTraining.production.o 

Object code version is 3.11

Machine type is 18F4620



                Name                               Link     Load   Length Selector   Space Scale
C:\Users\Hobvv\AppData\Local\Temp\xcAsivg.\driver_tmp_9.o
                config                           300000   300000        E        0       4
                init                                  0        0        4        0       0
dist/default/production\CourseTraining.production.o
                config                           300000   300000        E        0       4
                smallconst                         1000     1000       12      800       0
                text13                             16B4     16B4      144      809       0
                text12                             1F38     1F38       2E      F9C       0
                text11                             17F8     17F8      12C      809       0
                text10                             1E62     1E62       6C      809       0
                text9                              1DE2     1DE2       80      809       0
                text8                              1D62     1D62       80      809       0
                text7                              1BD4     1BD4       86      809       0
                text6                              1F66     1F66        6      F9C       0
                text5                              1B1C     1B1C       B8      809       0
                text4                              1A32     1A32       EA      809       0
                text3                              1924     1924      10E      809       0
                text2                              1CDE     1CDE       84      809       0
                text1                              1C5A     1C5A       84      809       0
                text0                              1012     1012      6A2      809       0
                cstackCOMRAM                         34       34       17        1       1
                dataCOMRAM                            1        1       33        1       1
                bssCOMRAM                            4B       4B        9        1       1
                cinit                              1ECE     1ECE       36      809       0
                nvCOMRAM                             54       54        1        1       1
                idataCOMRAM                        1F04     1F04       33      809       0

TOTAL           Name                               Link     Load   Length     Space
        CLASS   CODE           
                init                                  0        0        4         0
                text13                             16B4     16B4      144         0
                text12                             1F38     1F38       2E         0
                text11                             17F8     17F8      12C         0
                text10                             1E62     1E62       6C         0
                text9                              1DE2     1DE2       80         0
                text8                              1D62     1D62       80         0
                text7                              1BD4     1BD4       86         0
                text6                              1F66     1F66        6         0
                text5                              1B1C     1B1C       B8         0
                text4                              1A32     1A32       EA         0
                text3                              1924     1924      10E         0
                text2                              1CDE     1CDE       84         0
                text1                              1C5A     1C5A       84         0
                text0                              1012     1012      6A2         0
                cinit                              1ECE     1ECE       36         0
                idataCOMRAM                        1F04     1F04       33         0

        CLASS   CONST          

        CLASS   SMALLCONST     
                smallconst                         1000     1000       12         0

        CLASS   MEDIUMCONST    

        CLASS   COMRAM         
                cstackCOMRAM                         34       34       17         1
                dataCOMRAM                            1        1       33         1
                bssCOMRAM                            4B       4B        9         1
                nvCOMRAM                             54       54        1         1

        CLASS   ABS1           

        CLASS   BIGRAM         

        CLASS   RAM            

        CLASS   BANK0          

        CLASS   BANK1          

        CLASS   BANK2          

        CLASS   BANK3          

        CLASS   BANK4          

        CLASS   BANK5          

        CLASS   BANK6          

        CLASS   BANK7          

        CLASS   BANK8          

        CLASS   BANK9          

        CLASS   BANK10         

        CLASS   BANK11         

        CLASS   BANK12         

        CLASS   BANK13         

        CLASS   BANK14         

        CLASS   BANK15         

        CLASS   SFR            

        CLASS   BIGSFR         

        CLASS   CONFIG         
                config                           300000   300000        E         4

        CLASS   IDLOC          

        CLASS   EEDATA         

        CLASS   FARRAM         

        CLASS   HEAP           

        CLASS   STACK          



SEGMENTS        Name                           Load    Length   Top    Selector   Space  Class

                reset_vec                      000000  000004  000004         0       0  CODE    
                dataCOMRAM                     000001  000054  000055         1       1  COMRAM  
                smallconst                     001000  000012  001012       800       0  SMALLCON
                text0                          001012  000F25  001F37       809       0  CODE    
                text12                         001F38  000034  001F6C       F9C       0  CODE    


UNUSED ADDRESS RANGES

        Name                Unused          Largest block    Delta
        BANK0            000080-0000FF               80
        BANK1            000100-0001FF              100
        BANK10           000A00-000AFF              100
        BANK11           000B00-000BFF              100
        BANK12           000C00-000CFF              100
        BANK13           000D00-000DFF              100
        BANK14           000E00-000EFF              100
        BANK15           000F00-000F7F               80
        BANK2            000200-0002FF              100
        BANK3            000300-0003FF              100
        BANK4            000400-0004FF              100
        BANK5            000500-0005FF              100
        BANK6            000600-0006FF              100
        BANK7            000700-0007FF              100
        BANK8            000800-0008FF              100
        BANK9            000900-0009FF              100
        BIGRAM           000055-000F7F              F2B
        BIGSFR           000F80-000FFF               80
        CODE             000004-000FFF              FFC
                         001F37-001F37                1
                         001F6C-00FFFF             E094
        COMRAM           000055-00007F               2B
        CONST            000004-000FFF              FFC
                         001F37-001F37                1
                         001F6C-00FFFF             E094
        EEDATA           F00000-F003FF              400
        IDLOC            200000-200007                8
        MEDIUMCONST      001F37-001F37                1
                         001F6C-00FFFF             E094
        RAM              000080-000F7F              100
        SFR              000F80-000FFF               80
        SMALLCONST       001F37-001F37                1
                         001F6C-00FFFF              100

                                  Symbol Table

_LATA                                    (abs)        000F89
_LATB                                    (abs)        000F8A
_LATC                                    (abs)        000F8B
_LATD                                    (abs)        000F8C
_LATE                                    (abs)        000F8D
_PORTA                                   (abs)        000F80
_PORTB                                   (abs)        000F81
_PORTC                                   (abs)        000F82
_PORTD                                   (abs)        000F83
_PORTE                                   (abs)        000F84
_TRISA                                   (abs)        000F92
_TRISB                                   (abs)        000F93
_TRISC                                   (abs)        000F94
_TRISD                                   (abs)        000F95
_TRISE                                   (abs)        000F96
__HRAM                                   (abs)        000000
__H__absolute__                          __absolute__ 000000
__Habs1                                  abs1         000000
__Hbank0                                 bank0        000000
__Hbank1                                 bank1        000000
__Hbank10                                bank10       000000
__Hbank11                                bank11       000000
__Hbank12                                bank12       000000
__Hbank13                                bank13       000000
__Hbank14                                bank14       000000
__Hbank15                                bank15       000000
__Hbank2                                 bank2        000000
__Hbank3                                 bank3        000000
__Hbank4                                 bank4        000000
__Hbank5                                 bank5        000000
__Hbank6                                 bank6        000000
__Hbank7                                 bank7        000000
__Hbank8                                 bank8        000000
__Hbank9                                 bank9        000000
__Hbigbss                                bigbss       000000
__Hbigdata                               bigdata      000000
__Hbigram                                bigram       000000
__Hbigsfr                                bigsfr       000000
__Hbss                                   bss          000000
__HbssCOMRAM                             bssCOMRAM    000000
__Hcinit                                 cinit        000000
__Hclrtext                               clrtext      000000
__Hcomram                                comram       000000
__Hconfig                                config       30000E
__Hconst                                 const        000000
__HcstackCOMRAM                          cstackCOMRAM 000000
__Hdata                                  data         000000
__HdataCOMRAM                            dataCOMRAM   000000
__Heeprom_data                           eeprom_data  000000
__Hfarbss                                farbss       000000
__Hfardata                               fardata      000000
__Hheap                                  heap         000000
__Hibigdata                              ibigdata     000000
__Hidata                                 idata        000000
__HidataCOMRAM                           idataCOMRAM  000000
__Hidloc                                 idloc        000000
__Hifardata                              ifardata     000000
__Hinit                                  init         000004
__Hintcode                               intcode      000000
__Hintcode_body                          intcode_body 000000
__Hintcodelo                             intcodelo    000000
__Hintentry                              intentry     000000
__Hintret                                intret       000000
__Hintsave_regs                          intsave_regs 000000
__Hirdata                                irdata       000000
__Hmediumconst                           mediumconst  000000
__HnvCOMRAM                              nvCOMRAM     000000
__HnvFARRAM                              nvFARRAM     000000
__Hnvbit                                 nvbit        000000
__Hnvrram                                nvrram       000000
__Hparam                                 rparam       000000
__Hpowerup                               powerup      000000
__Hram                                   ram          000000
__Hramtop                                ramtop       001000
__Hrbit                                  rbit         000000
__Hrbss                                  rbss         000000
__Hrdata                                 rdata        000000
__Hreset_vec                             reset_vec    000000
__Hrparam                                rparam       000000
__Hsfr                                   sfr          000000
__Hsmallconst                            smallconst   001012
__Hspace_0                               (abs)        001F6C
__Hspace_1                               (abs)        000055
__Hspace_2                               (abs)        000000
__Hspace_4                               (abs)        60000E
__Hstack                                 stack        000000
__Hstruct                                struct       000000
__Htemp                                  temp         000000
__Htext                                  text         000000
__Htext0                                 text0        000000
__Htext1                                 text1        000000
__Htext10                                text10       000000
__Htext11                                text11       000000
__Htext12                                text12       000000
__Htext13                                text13       000000
__Htext2                                 text2        000000
__Htext3                                 text3        000000
__Htext4                                 text4        000000
__Htext5                                 text5        000000
__Htext6                                 text6        000000
__Htext7                                 text7        000000
__Htext8                                 text8        000000
__Htext9                                 text9        000000
__LRAM                                   (abs)        000001
__L__absolute__                          __absolute__ 000000
__Labs1                                  abs1         000000
__Lbank0                                 bank0        000000
__Lbank1                                 bank1        000000
__Lbank10                                bank10       000000
__Lbank11                                bank11       000000
__Lbank12                                bank12       000000
__Lbank13                                bank13       000000
__Lbank14                                bank14       000000
__Lbank15                                bank15       000000
__Lbank2                                 bank2        000000
__Lbank3                                 bank3        000000
__Lbank4                                 bank4        000000
__Lbank5                                 bank5        000000
__Lbank6                                 bank6        000000
__Lbank7                                 bank7        000000
__Lbank8                                 bank8        000000
__Lbank9                                 bank9        000000
__Lbigbss                                bigbss       000000
__Lbigdata                               bigdata      000000
__Lbigram                                bigram       000000
__Lbigsfr                                bigsfr       000000
__Lbss                                   bss          000000
__LbssCOMRAM                             bssCOMRAM    000000
__Lcinit                                 cinit        000000
__Lclrtext                               clrtext      000000
__Lcomram                                comram       000000
__Lconfig                                config       000000
__Lconst                                 const        000000
__LcstackCOMRAM                          cstackCOMRAM 000000
__Ldata                                  data         000000
__LdataCOMRAM                            dataCOMRAM   000000
__Leeprom_data                           eeprom_data  000000
__Lfarbss                                farbss       000000
__Lfardata                               fardata      000000
__Lheap                                  heap         000000
__Libigdata                              ibigdata     000000
__Lidata                                 idata        000000
__LidataCOMRAM                           idataCOMRAM  000000
__Lidloc                                 idloc        000000
__Lifardata                              ifardata     000000
__Linit                                  init         000000
__Lintcode                               intcode      000000
__Lintcode_body                          intcode_body 000000
__Lintcodelo                             intcodelo    000000
__Lintentry                              intentry     000000
__Lintret                                intret       000000
__Lintsave_regs                          intsave_regs 000000
__Lirdata                                irdata       000000
__Lmediumconst                           mediumconst  000000
__LnvCOMRAM                              nvCOMRAM     000000
__LnvFARRAM                              nvFARRAM     000000
__Lnvbit                                 nvbit        000000
__Lnvrram                                nvrram       000000
__Lparam                                 rparam       000000
__Lpowerup                               powerup      000000
__Lram                                   ram          000000
__Lramtop                                ramtop       001000
__Lrbit                                  rbit         000000
__Lrbss                                  rbss         000000
__Lrdata                                 rdata        000000
__Lreset_vec                             reset_vec    000000
__Lrparam                                rparam       000000
__Lsfr                                   sfr          000000
__Lsmallconst                            smallconst   001000
__Lspace_0                               (abs)        000000
__Lspace_1                               (abs)        000000
__Lspace_2                               (abs)        000000
__Lspace_4                               (abs)        000000
__Lstack                                 stack        000000
__Lstruct                                struct       000000
__Ltemp                                  temp         000000
__Ltext                                  text         000000
__Ltext0                                 text0        000000
__Ltext1                                 text1        000000
__Ltext10                                text10       000000
__Ltext11                                text11       000000
__Ltext12                                text12       000000
__Ltext13                                text13       000000
__Ltext2                                 text2        000000
__Ltext3                                 text3        000000
__Ltext4                                 text4        000000
__Ltext5                                 text5        000000
__Ltext6                                 text6        000000
__Ltext7                                 text7        000000
__Ltext8                                 text8        000000
__Ltext9                                 text9        000000
__S0                                     (abs)        001F6C
__S1                                     (abs)        000055
__S4                                     (abs)        000000
__S5                                     (abs)        000000
___heap_hi                               (abs)        000000
___heap_lo                               (abs)        000000
___inthi_sp                              stack        000000
___intlo_sp                              stack        000000
___param_bank                            (abs)        000000
___rparam_used                           (abs)        000001
___sp                                    stack        000000
__accesstop                              (abs)        000080
__activetblptr                           (abs)        000002
__end_of__initialization                 cinit        001EFA
__end_of_application_intialize           text6        001F6C
__end_of_btn_values                      smallconst   001011
__end_of_button_initialize               text12       001F66
__end_of_button_read_state               text4        001B1C
__end_of_ecu_layer_intialize             text7        001C5A
__end_of_gpio_pin_direction_initialize   text13       0017F8
__end_of_gpio_pin_initialize             text10       001ECE
__end_of_gpio_pin_read_logic             text5        001BD4
__end_of_gpio_pin_write_logic            text11       001924
__end_of_keypad_get_value                text3        001A32
__end_of_keypad_initialize               text9        001E62
__end_of_led_intialize                   text8        001DE2
__end_of_led_turn_off                    text2        001D62
__end_of_led_turn_on                     text1        001CDE
__end_of_main                            text0        0016B4
__initialization                         cinit        001ECE
__mediumconst                            mediumconst  000000
__pbssCOMRAM                             bssCOMRAM    00004B
__pcinit                                 cinit        001ECE
__pcstackCOMRAM                          cstackCOMRAM 000034
__pdataCOMRAM                            dataCOMRAM   000001
__pidataCOMRAM                           idataCOMRAM  001F04
__pnvCOMRAM                              nvCOMRAM     000054
__psmallconst                            smallconst   001000
__ptext0                                 text0        001012
__ptext1                                 text1        001C5A
__ptext10                                text10       001E62
__ptext11                                text11       0017F8
__ptext12                                text12       001F38
__ptext13                                text13       0016B4
__ptext2                                 text2        001CDE
__ptext3                                 text3        001924
__ptext4                                 text4        001A32
__ptext5                                 text5        001B1C
__ptext6                                 text6        001F66
__ptext7                                 text7        001BD4
__ptext8                                 text8        001D62
__ptext9                                 text9        001DE2
__ramtop                                 ramtop       001000
__smallconst                             smallconst   001000
_application_intialize                   text6        001F66
_btn_flag                                bssCOMRAM    00004B
_btn_values                              smallconst   001001
_button_initialize                       text12       001F38
_button_read_state                       text4        001A32
_ecu_layer_intialize                     text7        001BD4
_gpio_pin_direction_initialize           text13       0016B4
_gpio_pin_initialize                     text10       001E62
_gpio_pin_read_logic                     text5        001B1C
_gpio_pin_write_logic                    text11       0017F8
_keypad1                                 dataCOMRAM   00001F
_keypad_get_value                        text3        001924
_keypad_initialize                       text9        001DE2
_keypad_value                            bssCOMRAM    000053
_lat_reg                                 dataCOMRAM   00000B
_led1                                    dataCOMRAM   000032
_led2                                    dataCOMRAM   000031
_led3                                    dataCOMRAM   000030
_led4                                    dataCOMRAM   00002F
_led5                                    dataCOMRAM   00002E
_led6                                    dataCOMRAM   00002D
_led7                                    dataCOMRAM   00002C
_led8                                    dataCOMRAM   00002B
_led_intialize                           text8        001D62
_led_turn_off                            text2        001CDE
_led_turn_on                             text1        001C5A
_main                                    text0        001012
_on_off_btn                              dataCOMRAM   000027
_on_off_btn_status                       dataCOMRAM   00002A
_on_off_led                              dataCOMRAM   000033
_port_reg                                dataCOMRAM   000001
_ret                                     nvCOMRAM     000054
_tris_reg                                dataCOMRAM   000015
button_initialize@btn                    cstackCOMRAM 00003D
button_initialize@ret                    cstackCOMRAM 00003F
button_read_state@btn                    cstackCOMRAM 00003E
button_read_state@btn_state              cstackCOMRAM 000040
button_read_state@pin_logic_status       cstackCOMRAM 000044
button_read_state@ret                    cstackCOMRAM 000043
end_of_initialization                    cinit        001EFA
gpio_pin_direction_initialize@pin_config cstackCOMRAM 000034
gpio_pin_direction_initialize@ret        cstackCOMRAM 00003C
gpio_pin_initialize@pin_config           cstackCOMRAM 00003E
gpio_pin_initialize@ret                  cstackCOMRAM 000041
gpio_pin_read_logic@logic                cstackCOMRAM 000036
gpio_pin_read_logic@pin_config           cstackCOMRAM 000034
gpio_pin_read_logic@ret                  cstackCOMRAM 00003D
gpio_pin_write_logic@logic               cstackCOMRAM 000036
gpio_pin_write_logic@pin_config          cstackCOMRAM 000034
gpio_pin_write_logic@ret                 cstackCOMRAM 00003D
intlevel0                                text         000000
intlevel1                                text         000000
intlevel2                                text         000000
intlevel3                                text         000000
isa$std                                  (abs)        000001
isa$xinst                                (abs)        000000
keypad_get_value@clear_counter           cstackCOMRAM 000046
keypad_get_value@column_value            cstackCOMRAM 000045
keypad_get_value@columns_counter         cstackCOMRAM 000048
keypad_get_value@keypad                  cstackCOMRAM 00003E
keypad_get_value@ret                     cstackCOMRAM 000044
keypad_get_value@rows_counter            cstackCOMRAM 000047
keypad_get_value@value                   cstackCOMRAM 000040
keypad_initialize@columns_counter        cstackCOMRAM 000048
keypad_initialize@keypad                 cstackCOMRAM 000042
keypad_initialize@ret                    cstackCOMRAM 000046
keypad_initialize@rows_counter           cstackCOMRAM 000047
led_intialize@F2882                      bssCOMRAM    000052
led_intialize@led                        cstackCOMRAM 000042
led_intialize@pin_obj                    cstackCOMRAM 000046
led_intialize@ret                        cstackCOMRAM 000045
led_toggle@F2897                         bssCOMRAM    00004F
led_turn_off@F2892                       bssCOMRAM    000050
led_turn_off@led                         cstackCOMRAM 00003E
led_turn_off@pin_obj                     cstackCOMRAM 000042
led_turn_off@ret                         cstackCOMRAM 000041
led_turn_on@F2887                        bssCOMRAM    000051
led_turn_on@led                          cstackCOMRAM 00003E
led_turn_on@pin_obj                      cstackCOMRAM 000042
led_turn_on@ret                          cstackCOMRAM 000041
relay_intialize@F2880                    bssCOMRAM    00004E
relay_turn_off@F2890                     bssCOMRAM    00004C
relay_turn_on@F2885                      bssCOMRAM    00004D
stackhi                                  (abs)        000000
stacklo                                  (abs)        000000
start                                    init         000000
start_initialization                     cinit        001ECE


MODULE INFORMATION

Module		Function		Class		Link	Load	Size
ECU_Layer/keypad/keypad.c
		_keypad_get_value		CODE           	1924	0000	270
		_keypad_initialize		CODE           	1DE2	0000	128

ECU_Layer/keypad/keypad.c estimated size: 398

ECU_Layer/button/button.c
		_button_read_state		CODE           	1A32	0000	234
		_button_initialize		CODE           	1F38	0000	46

ECU_Layer/button/button.c estimated size: 280

shared
		_btn_values    		SMALLCONST     	1001	0000	16
		__initialization		CODE           	1ECE	0000	44

shared estimated size: 60

ECU_Layer/led/led.c
		_led_turn_on   		CODE           	1C5A	0000	132
		_led_turn_off  		CODE           	1CDE	0000	132
		_led_intialize 		CODE           	1D62	0000	128

ECU_Layer/led/led.c estimated size: 392

MCAL_Layer/GPIO/hal_gpio.c
		_gpio_pin_write_logic		CODE           	17F8	0000	300
		_gpio_pin_read_logic		CODE           	1B1C	0000	184
		_gpio_pin_direction_initialize		CODE           	16B4	0000	324
		_gpio_pin_initialize		CODE           	1E62	0000	108

MCAL_Layer/GPIO/hal_gpio.c estimated size: 916

ECU_Layer/ecu_layer_init.c
		_ecu_layer_intialize		CODE           	1BD4	0000	134

ECU_Layer/ecu_layer_init.c estimated size: 134

application.c
		_main          		CODE           	1012	0000	1698
		_application_intialize		CODE           	1F66	0000	6

application.c estimated size: 1704

